# Verification Log

> 生成时间: 2026-07-15

---

## G1. 幻灯片截图完整性

- [PASS] G1-1: 生成一份包含多页内容的 HTML 报告（内容高度超过 800px），检查每页截图是否完整显示所有文本内容，无截断
- [PASS] G1-2: 对比 HTML 页面和截图，确认截图中的标题、摘要、深度分析、关键点等内容与页面一致
- [PASS] G1-3: 检查截图中的排版布局是否与 HTML 页面保持一致，无错位或变形

**GROUP G1 PASSED**

---

## G2. 头条封面图

- [PASS] G2-1: 检查生成的 `cover-main.png` 文件是否存在
- [PASS] G2-2: 检查 `cover-main.png` 的尺寸是否为 900 × 383 像素
- [PASS] G2-3: 检查封面图内容是否来自 HTML 首页（第一张幻灯片）
- [PASS] G2-4: 确认封面图在公众号编辑器中预览效果正常，核心内容在安全区内

**GROUP G2 PASSED**

---

## G3. 次条封面图

- [PASS] G3-1: 检查生成的 `cover-sub.png` 文件是否存在
- [PASS] G3-2: 检查 `cover-sub.png` 的尺寸是否为 200 × 200 像素
- [PASS] G3-3: 检查封面图内容是否来自 HTML 首页（第一张幻灯片）
- [PASS] G3-4: 确认封面图在公众号编辑器中预览效果正常

**GROUP G3 PASSED**

---

## G4. 错误处理

- [PASS] G4-1: 当 HTML 文件不存在时，确认程序记录警告并返回空列表，不崩溃
- [PASS] G4-2: 当 Playwright 未安装时，确认程序记录警告并返回空列表，不崩溃

**GROUP G4 PASSED**

---

**ALL PASSED**
